Archive member included to satisfy reference by file (symbol)

d:/embedded systems avr tools/01- imt sdk/imt_sdk_win_64/winarm/armgcc/bin/../lib/gcc/arm-none-eabi/7.2.1/thumb/v7e-m\libgcc.a(_aeabi_uldivmod.o)
                              ./src/SysTick_program.o (__aeabi_uldivmod)
d:/embedded systems avr tools/01- imt sdk/imt_sdk_win_64/winarm/armgcc/bin/../lib/gcc/arm-none-eabi/7.2.1/thumb/v7e-m\libgcc.a(_udivmoddi4.o)
                              d:/embedded systems avr tools/01- imt sdk/imt_sdk_win_64/winarm/armgcc/bin/../lib/gcc/arm-none-eabi/7.2.1/thumb/v7e-m\libgcc.a(_aeabi_uldivmod.o) (__udivmoddi4)
d:/embedded systems avr tools/01- imt sdk/imt_sdk_win_64/winarm/armgcc/bin/../lib/gcc/arm-none-eabi/7.2.1/thumb/v7e-m\libgcc.a(_dvmd_tls.o)
                              d:/embedded systems avr tools/01- imt sdk/imt_sdk_win_64/winarm/armgcc/bin/../lib/gcc/arm-none-eabi/7.2.1/thumb/v7e-m\libgcc.a(_aeabi_uldivmod.o) (__aeabi_ldiv0)
d:/embedded systems avr tools/01- imt sdk/imt_sdk_win_64/winarm/armgcc/bin/../lib/gcc/arm-none-eabi/7.2.1/../../../../arm-none-eabi/lib/thumb/v7e-m\libg_nano.a(lib_a-errno.o)
                              ./system/src/newlib/_sbrk.o (__errno)
d:/embedded systems avr tools/01- imt sdk/imt_sdk_win_64/winarm/armgcc/bin/../lib/gcc/arm-none-eabi/7.2.1/../../../../arm-none-eabi/lib/thumb/v7e-m\libg_nano.a(lib_a-impure.o)
                              d:/embedded systems avr tools/01- imt sdk/imt_sdk_win_64/winarm/armgcc/bin/../lib/gcc/arm-none-eabi/7.2.1/../../../../arm-none-eabi/lib/thumb/v7e-m\libg_nano.a(lib_a-errno.o) (_impure_ptr)
d:/embedded systems avr tools/01- imt sdk/imt_sdk_win_64/winarm/armgcc/bin/../lib/gcc/arm-none-eabi/7.2.1/../../../../arm-none-eabi/lib/thumb/v7e-m\libg_nano.a(lib_a-strlen.o)
                              ./system/src/diag/Trace.o (strlen)
d:/embedded systems avr tools/01- imt sdk/imt_sdk_win_64/winarm/armgcc/bin/../lib/gcc/arm-none-eabi/7.2.1/../../../../arm-none-eabi/lib/thumb/v7e-m\libg_nano.a(lib_a-vsnprintf.o)
                              ./system/src/diag/Trace.o (vsnprintf)
d:/embedded systems avr tools/01- imt sdk/imt_sdk_win_64/winarm/armgcc/bin/../lib/gcc/arm-none-eabi/7.2.1/../../../../arm-none-eabi/lib/thumb/v7e-m\libg_nano.a(lib_a-nano-svfprintf.o)
                              d:/embedded systems avr tools/01- imt sdk/imt_sdk_win_64/winarm/armgcc/bin/../lib/gcc/arm-none-eabi/7.2.1/../../../../arm-none-eabi/lib/thumb/v7e-m\libg_nano.a(lib_a-vsnprintf.o) (_svfprintf_r)
d:/embedded systems avr tools/01- imt sdk/imt_sdk_win_64/winarm/armgcc/bin/../lib/gcc/arm-none-eabi/7.2.1/../../../../arm-none-eabi/lib/thumb/v7e-m\libg_nano.a(lib_a-nano-vfprintf_i.o)
                              d:/embedded systems avr tools/01- imt sdk/imt_sdk_win_64/winarm/armgcc/bin/../lib/gcc/arm-none-eabi/7.2.1/../../../../arm-none-eabi/lib/thumb/v7e-m\libg_nano.a(lib_a-nano-svfprintf.o) (_printf_i)
d:/embedded systems avr tools/01- imt sdk/imt_sdk_win_64/winarm/armgcc/bin/../lib/gcc/arm-none-eabi/7.2.1/../../../../arm-none-eabi/lib/thumb/v7e-m\libg_nano.a(lib_a-memchr.o)
                              d:/embedded systems avr tools/01- imt sdk/imt_sdk_win_64/winarm/armgcc/bin/../lib/gcc/arm-none-eabi/7.2.1/../../../../arm-none-eabi/lib/thumb/v7e-m\libg_nano.a(lib_a-nano-svfprintf.o) (memchr)
d:/embedded systems avr tools/01- imt sdk/imt_sdk_win_64/winarm/armgcc/bin/../lib/gcc/arm-none-eabi/7.2.1/../../../../arm-none-eabi/lib/thumb/v7e-m\libg_nano.a(lib_a-memcpy-stub.o)
                              d:/embedded systems avr tools/01- imt sdk/imt_sdk_win_64/winarm/armgcc/bin/../lib/gcc/arm-none-eabi/7.2.1/../../../../arm-none-eabi/lib/thumb/v7e-m\libg_nano.a(lib_a-nano-svfprintf.o) (memcpy)
d:/embedded systems avr tools/01- imt sdk/imt_sdk_win_64/winarm/armgcc/bin/../lib/gcc/arm-none-eabi/7.2.1/../../../../arm-none-eabi/lib/thumb/v7e-m\libg_nano.a(lib_a-memmove.o)
                              d:/embedded systems avr tools/01- imt sdk/imt_sdk_win_64/winarm/armgcc/bin/../lib/gcc/arm-none-eabi/7.2.1/../../../../arm-none-eabi/lib/thumb/v7e-m\libg_nano.a(lib_a-nano-svfprintf.o) (memmove)
d:/embedded systems avr tools/01- imt sdk/imt_sdk_win_64/winarm/armgcc/bin/../lib/gcc/arm-none-eabi/7.2.1/../../../../arm-none-eabi/lib/thumb/v7e-m\libg_nano.a(lib_a-nano-freer.o)
                              d:/embedded systems avr tools/01- imt sdk/imt_sdk_win_64/winarm/armgcc/bin/../lib/gcc/arm-none-eabi/7.2.1/../../../../arm-none-eabi/lib/thumb/v7e-m\libg_nano.a(lib_a-nano-svfprintf.o) (_free_r)
d:/embedded systems avr tools/01- imt sdk/imt_sdk_win_64/winarm/armgcc/bin/../lib/gcc/arm-none-eabi/7.2.1/../../../../arm-none-eabi/lib/thumb/v7e-m\libg_nano.a(lib_a-nano-mallocr.o)
                              d:/embedded systems avr tools/01- imt sdk/imt_sdk_win_64/winarm/armgcc/bin/../lib/gcc/arm-none-eabi/7.2.1/../../../../arm-none-eabi/lib/thumb/v7e-m\libg_nano.a(lib_a-nano-svfprintf.o) (_malloc_r)
[...]
Memory Configuration

Name             Origin             Length             Attributes
RAM              0x20000000         0x00010000         xrw
CCMRAM           0x10000000         0x00000000         xrw
FLASH            0x08000000         0x00040000         xr
FLASHB1          0x00000000         0x00000000         xr
EXTMEMB0         0x00000000         0x00000000         xr
EXTMEMB1         0x00000000         0x00000000         xr
EXTMEMB2         0x00000000         0x00000000         xr
EXTMEMB3         0x00000000         0x00000000         xr
*default*        0x00000000         0xffffffff

Linker script and memory map

LOAD ./system/src/stm32f4-hal/stm32f4xx_hal.o
LOAD ./system/src/stm32f4-hal/stm32f4xx_hal_cortex.o
LOAD ./system/src/stm32f4-hal/stm32f4xx_hal_dfsdm.o
LOAD ./system/src/stm32f4-hal/stm32f4xx_hal_flash.o
LOAD ./system/src/stm32f4-hal/stm32f4xx_hal_gpio.o
LOAD ./system/src/stm32f4-hal/stm32f4xx_hal_iwdg.o
LOAD ./system/src/stm32f4-hal/stm32f4xx_hal_pwr.o
LOAD ./system/src/stm32f4-hal/stm32f4xx_hal_rcc.o
LOAD ./system/src/newlib/_cxx.o
LOAD ./system/src/newlib/_exit.o
LOAD ./system/src/newlib/_sbrk.o
LOAD ./system/src/newlib/_startup.o
LOAD ./system/src/newlib/_syscalls.o
LOAD ./system/src/newlib/assert.o
LOAD ./system/src/diag/Trace.o
LOAD ./system/src/diag/trace_impl.o
LOAD ./system/src/cortexm/_initialize_hardware.o
LOAD ./system/src/cortexm/_reset_hardware.o
LOAD ./system/src/cortexm/exception_handlers.o
LOAD ./system/src/cmsis/system_stm32f4xx.o
LOAD ./system/src/cmsis/vectors_stm32f401xc.o
LOAD ./src/AUDIO_program.o
LOAD ./src/DAC_program.o
LOAD ./src/EXTI_program.o
LOAD ./src/GPIO_program.o
LOAD ./src/IR_program.o
LOAD ./src/LED_MATRIX_program.o
LOAD ./src/NVIC_program.o
LOAD ./src/RCC_program.o
LOAD ./src/SPI_program.o
LOAD ./src/ST7735S_program.o
LOAD ./src/SysTick_program.o
LOAD ./src/TIM_program.o
LOAD ./src/main.o
LOAD d:/embedded systems avr tools/01- imt sdk/imt_sdk_win_64/winarm/armgcc/bin/../lib/gcc/arm-none-eabi/7.2.1/../../../../arm-none-eabi/lib/thumb/v7e-m\libstdc++_nano.a
LOAD d:/embedded systems avr tools/01- imt sdk/imt_sdk_win_64/winarm/armgcc/bin/../lib/gcc/arm-none-eabi/7.2.1/../../../../arm-none-eabi/lib/thumb/v7e-m\libm.a
START GROUP
LOAD d:/embedded systems avr tools/01- imt sdk/imt_sdk_win_64/winarm/armgcc/bin/../lib/gcc/arm-none-eabi/7.2.1/thumb/v7e-m\libgcc.a
LOAD d:/embedded systems avr tools/01- imt sdk/imt_sdk_win_64/winarm/armgcc/bin/../lib/gcc/arm-none-eabi/7.2.1/../../../../arm-none-eabi/lib/thumb/v7e-m\libg_nano.a
LOAD d:/embedded systems avr tools/01- imt sdk/imt_sdk_win_64/winarm/armgcc/bin/../lib/gcc/arm-none-eabi/7.2.1/../../../../arm-none-eabi/lib/thumb/v7e-m\libc_nano.a
END GROUP
START GROUP
LOAD d:/embedded systems avr tools/01- imt sdk/imt_sdk_win_64/winarm/armgcc/bin/../lib/gcc/arm-none-eabi/7.2.1/thumb/v7e-m\libgcc.a
LOAD d:/embedded systems avr tools/01- imt sdk/imt_sdk_win_64/winarm/armgcc/bin/../lib/gcc/arm-none-eabi/7.2.1/../../../../arm-none-eabi/lib/thumb/v7e-m\libc_nano.a
END GROUP
                0x20010000                __stack = (ORIGIN (RAM) + LENGTH (RAM))
                0x20010000                _estack = __stack
                0x00000400                __Main_Stack_Size = 0x400
                [!provide]                PROVIDE (_Main_Stack_Size, __Main_Stack_Size)
                0x2000fc00                __Main_Stack_Limit = (__stack - __Main_Stack_Size)
                [!provide]                PROVIDE (_Main_Stack_Limit, __Main_Stack_Limit)
                0x00000100                _Minimum_Stack_Size = 0x100
                0x20000220                PROVIDE (_Heap_Begin, _end_noinit)
                0x2000fc00                PROVIDE (_Heap_Limit, (__stack - __Main_Stack_Size))

.isr_vector     0x08000000      0x3f4
 FILL mask 0xff
                0x08000000                __vectors_start = ABSOLUTE (.)
                0x08000000                __vectors_start__ = ABSOLUTE (.)
 *(.isr_vector)
 .isr_vector    0x08000000      0x194 ./system/src/cmsis/vectors_stm32f401xc.o
                0x08000000                __isr_vectors
 *(.cfmconfig)
 *(.after_vectors .after_vectors.*)
 .after_vectors
                0x08000194      0x130 ./system/src/newlib/_startup.o
                0x08000194                _start
 .after_vectors
                0x080002c4      0x12c ./system/src/cortexm/exception_handlers.o
                0x080002c4                Reset_Handler
                0x080002ca                NMI_Handler
                0x080002ce                HardFault_Handler
                0x080002e2                HardFault_Handler_C
                0x08000340                MemManage_Handler
                0x08000344                BusFault_Handler
                0x08000358                BusFault_Handler_C
                0x0800038c                UsageFault_Handler
                0x080003a0                UsageFault_Handler_C
                0x080003d4                SVC_Handler
                0x080003d8                DebugMon_Handler
                0x080003dc                PendSV_Handler
 .after_vectors
                0x080003f0        0x4 ./system/src/cmsis/vectors_stm32f401xc.o
                0x080003f0                RTC_Alarm_IRQHandler
                0x080003f0                EXTI2_IRQHandler
                0x080003f0                SPI4_IRQHandler
                0x080003f0                DMA2_Stream5_IRQHandler
                0x080003f0                DMA1_Stream5_IRQHandler
                0x080003f0                PVD_IRQHandler
                0x080003f0                SDIO_IRQHandler
                0x080003f0                TAMP_STAMP_IRQHandler
                0x080003f0                EXTI3_IRQHandler
                0x080003f0                I2C3_ER_IRQHandler
                0x080003f0                EXTI0_IRQHandler
                0x080003f0                I2C2_EV_IRQHandler
                0x080003f0                DMA1_Stream2_IRQHandler
                0x080003f0                FPU_IRQHandler
                0x080003f0                DMA2_Stream2_IRQHandler
                0x080003f0                SPI1_IRQHandler
                0x080003f0                DMA2_Stream3_IRQHandler
                0x080003f0                USART6_IRQHandler
                0x080003f0                DMA2_Stream0_IRQHandler
                0x080003f0                I2C1_EV_IRQHandler
                0x080003f0                DMA1_Stream6_IRQHandler
                0x080003f0                DMA1_Stream1_IRQHandler
                0x080003f0                RCC_IRQHandler
                0x080003f0                Default_Handler
                0x080003f0                EXTI15_10_IRQHandler
                0x080003f0                ADC_IRQHandler
                0x080003f0                DMA1_Stream7_IRQHandler
                0x080003f0                DMA2_Stream7_IRQHandler
                0x080003f0                I2C3_EV_IRQHandler
                0x080003f0                RTC_WKUP_IRQHandler
                0x080003f0                SPI2_IRQHandler
                0x080003f0                DMA1_Stream0_IRQHandler
                0x080003f0                EXTI4_IRQHandler
                0x080003f0                WWDG_IRQHandler
                0x080003f0                OTG_FS_WKUP_IRQHandler
                0x080003f0                EXTI1_IRQHandler
                0x080003f0                USART2_IRQHandler
                0x080003f0                I2C2_ER_IRQHandler
                0x080003f0                DMA2_Stream1_IRQHandler
                0x080003f0                FLASH_IRQHandler
                0x080003f0                DMA2_Stream4_IRQHandler
                0x080003f0                USART1_IRQHandler
                0x080003f0                OTG_FS_IRQHandler
                0x080003f0                SPI3_IRQHandler
                0x080003f0                DMA1_Stream4_IRQHandler
                0x080003f0                I2C1_ER_IRQHandler
                0x080003f0                DMA2_Stream6_IRQHandler
                0x080003f0                DMA1_Stream3_IRQHandler

.inits          0x080003f4       0x28
                0x080003f4                __data_regions_array_start = .
                0x080003f4        0x4 LONG 0x80054f4 LOADADDR (.data)
                0x080003f8        0x4 LONG 0x20000000 ADDR (.data)
                0x080003fc        0x4 LONG 0x2000008c (ADDR (.data) + SIZEOF (.data))
                0x08000400        0x4 LONG 0x80054f4 LOADADDR (.data_CCMRAM)
                0x08000404        0x4 LONG 0x10000000 ADDR (.data_CCMRAM)
                0x08000408        0x4 LONG 0x10000000 (ADDR (.data_CCMRAM) + SIZEOF (.data_CCMRAM))
                0x0800040c                __data_regions_array_end = .
                0x0800040c                __bss_regions_array_start = .
                0x0800040c        0x4 LONG 0x2000008c ADDR (.bss)
                0x08000410        0x4 LONG 0x20000220 (ADDR (.bss) + SIZEOF (.bss))
                0x08000414        0x4 LONG 0x10000000 ADDR (.bss_CCMRAM)
                0x08000418        0x4 LONG 0x10000000 (ADDR (.bss_CCMRAM) + SIZEOF (.bss_CCMRAM))
                0x0800041c                __bss_regions_array_end = .
 *(.init)
 *(.fini)
                0x0800041c                . = ALIGN (0x4)
                0x0800041c                PROVIDE (__preinit_array_start, .)
 *(.preinit_array_sysinit .preinit_array_sysinit.*)
 *(.preinit_array_platform .preinit_array_platform.*)
 *(.preinit_array .preinit_array.*)
                0x0800041c                PROVIDE (__preinit_array_end, .)
                0x0800041c                . = ALIGN (0x4)
                0x0800041c                PROVIDE (__init_array_start, .)
 *(SORT_BY_NAME(.init_array.*))
 *(.init_array)
                0x0800041c                PROVIDE (__init_array_end, .)
                0x0800041c                . = ALIGN (0x4)
                0x0800041c                PROVIDE (__fini_array_start, .)
 *(SORT_BY_NAME(.fini_array.*))
 *(.fini_array)
                0x0800041c                PROVIDE (__fini_array_end, .)

.flashtext
 *(.flashtext .flashtext.*)

.text           0x08000420     0x50cb
 *(.text .text.*)
 .text._exit    0x08000420        0x2 ./system/src/newlib/_exit.o
                0x08000420                _exit
 *fill*         0x08000422        0x2 
 .text._sbrk    0x08000424       0x44 ./system/src/newlib/_sbrk.o
                0x08000424                _sbrk
 .text.__initialize_args
                0x08000468       0x10 ./system/src/newlib/_syscalls.o
                0x08000468                __initialize_args
 .text.trace_printf
                0x08000478       0x30 ./system/src/diag/Trace.o
                0x08000478                trace_printf
 .text._trace_write_semihosting_debug
                0x080004a8       0x60 ./system/src/diag/trace_impl.o
 .text.trace_write
                0x08000508        0x8 ./system/src/diag/trace_impl.o
                0x08000508                trace_write
 .text.__initialize_hardware_early
                0x08000510       0x18 ./system/src/cortexm/_initialize_hardware.o
                0x08000510                __initialize_hardware_early
 .text.__initialize_hardware
                0x08000528        0x8 ./system/src/cortexm/_initialize_hardware.o
                0x08000528                __initialize_hardware
 .text.dumpExceptionStack
                0x08000530       0xf4 ./system/src/cortexm/exception_handlers.o
                0x08000530                dumpExceptionStack
 .text.isSemihosting
                0x08000624       0x20 ./system/src/cortexm/exception_handlers.o
                0x08000624                isSemihosting
 .text.SystemInit
                0x08000644       0x40 ./system/src/cmsis/system_stm32f4xx.o
                0x08000644                SystemInit
 .text.SystemCoreClockUpdate
                0x08000684       0x9c ./system/src/cmsis/system_stm32f4xx.o
                0x08000684                SystemCoreClockUpdate
 .text.AUDIO_ApplyVolume
                0x08000720       0x20 ./src/AUDIO_program.o
 .text.AUDIO_TimerCallback
                0x08000740       0x5c ./src/AUDIO_program.o
 .text.AUDIO_Init
                0x0800079c       0x74 ./src/AUDIO_program.o
                0x0800079c                AUDIO_Init
 .text.AUDIO_Stop
                0x08000810       0x2c ./src/AUDIO_program.o
                0x08000810                AUDIO_Stop
 .text.AUDIO_PlayNote
                0x0800083c       0xf0 ./src/AUDIO_program.o
                0x0800083c                AUDIO_PlayNote
 .text.DAC_Init
                0x0800092c       0x70 ./src/DAC_program.o
                0x0800092c                DAC_Init
 .text.DAC_Write
                0x0800099c       0x64 ./src/DAC_program.o
                0x0800099c                DAC_Write
 .text.EXTI_IsValidLine
                0x08000a00        0xc ./src/EXTI_program.o
 .text.EXTI_IsValidPort
                0x08000a0c       0x10 ./src/EXTI_program.o
 .text.EXTI_IsValidTrigger
                0x08000a1c        0xc ./src/EXTI_program.o
 .text.EXTI_IsValidMode
                0x08000a28        0xc ./src/EXTI_program.o
 .text.EXTI_SetPort
                0x08000a34       0x4c ./src/EXTI_program.o
                0x08000a34                EXTI_SetPort
 .text.EXTI_SetTrigger
                0x08000a80       0x74 ./src/EXTI_program.o
                0x08000a80                EXTI_SetTrigger
 .text.EXTI_EnableLine
                0x08000af4       0x44 ./src/EXTI_program.o
                0x08000af4                EXTI_EnableLine
 .text.EXTI_ClearPending
                0x08000b38       0x20 ./src/EXTI_program.o
                0x08000b38                EXTI_ClearPending
 .text.EXTI_Init
                0x08000b58       0x3c ./src/EXTI_program.o
                0x08000b58                EXTI_Init
 .text.GPIO_GetPortAddress
                0x08000b94       0x30 ./src/GPIO_program.o
 .text.GPIO_IsValidPort
                0x08000bc4        0xc ./src/GPIO_program.o
 .text.GPIO_IsValidPin
                0x08000bd0        0xc ./src/GPIO_program.o
 .text.GPIO_InitPin
                0x08000bdc       0xe2 ./src/GPIO_program.o
                0x08000bdc                GPIO_InitPin
 .text.GPIO_WritePin
                0x08000cbe       0x48 ./src/GPIO_program.o
                0x08000cbe                GPIO_WritePin
 .text.GPIO_ReadPin
                0x08000d06       0x3c ./src/GPIO_program.o
                0x08000d06                GPIO_ReadPin
 .text.IR_InRange
                0x08000d42       0x14 ./src/IR_program.o
 .text.IR_Elapsed
                0x08000d56       0x10 ./src/IR_program.o
 *fill*         0x08000d66        0x2 
 .text.IR_Reset
                0x08000d68       0x1c ./src/IR_program.o
 .text.IR_ProcessEdge
                0x08000d84      0x1b8 ./src/IR_program.o
 .text.EXTI9_5_IRQHandler
                0x08000f3c        0xe ./src/IR_program.o
                0x08000f3c                EXTI9_5_IRQHandler
 *fill*         0x08000f4a        0x2 
 .text.IR_Init  0x08000f4c       0xd0 ./src/IR_program.o
                0x08000f4c                IR_Init
 .text.IR_GetKey
                0x0800101c       0x4c ./src/IR_program.o
                0x0800101c                IR_GetKey
 .text.LED_MATRIX_SendBit
                0x08001068       0x22 ./src/LED_MATRIX_program.o
 .text.LED_MATRIX_SendData
                0x0800108a       0x36 ./src/LED_MATRIX_program.o
                0x0800108a                LED_MATRIX_SendData
 .text.LED_MATRIX_Clear
                0x080010c0       0x18 ./src/LED_MATRIX_program.o
                0x080010c0                LED_MATRIX_Clear
 .text.LED_MATRIX_Init
                0x080010d8       0x66 ./src/LED_MATRIX_program.o
                0x080010d8                LED_MATRIX_Init
 *fill*         0x0800113e        0x2 
 .text.LED_MATRIX_SetPixel
                0x08001140       0x30 ./src/LED_MATRIX_program.o
                0x08001140                LED_MATRIX_SetPixel
 .text.LED_MATRIX_SetFrame
                0x08001170       0x24 ./src/LED_MATRIX_program.o
                0x08001170                LED_MATRIX_SetFrame
 .text.LED_MATRIX_Refresh
                0x08001194       0x34 ./src/LED_MATRIX_program.o
                0x08001194                LED_MATRIX_Refresh
 .text.LED_MATRIX_ShowMenu
                0x080011c8       0x18 ./src/LED_MATRIX_program.o
                0x080011c8                LED_MATRIX_ShowMenu
 .text.LED_MATRIX_ShowMemory
                0x080011e0       0x10 ./src/LED_MATRIX_program.o
                0x080011e0                LED_MATRIX_ShowMemory
 .text.LED_MATRIX_ShowSnake
                0x080011f0       0x10 ./src/LED_MATRIX_program.o
                0x080011f0                LED_MATRIX_ShowSnake
 .text.LED_MATRIX_ShowMusic
                0x08001200       0x4a ./src/LED_MATRIX_program.o
                0x08001200                LED_MATRIX_ShowMusic
 .text.NVIC_IsValidIRQ
                0x0800124a        0xc ./src/NVIC_program.o
 .text.NVIC_GetRegisterIndex
                0x08001256        0x4 ./src/NVIC_program.o
 .text.NVIC_GetBitPosition
                0x0800125a        0x6 ./src/NVIC_program.o
 .text.NVIC_EnableIRQ
                0x08001260       0x32 ./src/NVIC_program.o
                0x08001260                NVIC_EnableIRQ
 *fill*         0x08001292        0x2 
 .text.NVIC_ClearPendingIRQ
                0x08001294       0x30 ./src/NVIC_program.o
                0x08001294                NVIC_ClearPendingIRQ
 .text.RCC_GetEnableRegister
                0x080012c4       0x30 ./src/RCC_program.o
 .text.RCC_EnablePeripheralClock
                0x080012f4       0x24 ./src/RCC_program.o
                0x080012f4                RCC_EnablePeripheralClock
 .text.SPI_GetAddress
                0x08001318       0x28 ./src/SPI_program.o
 .text.SPI_IsValidID
                0x08001340        0xc ./src/SPI_program.o
 .text.SPI_voidInit
                0x0800134c      0x1b2 ./src/SPI_program.o
                0x0800134c                SPI_voidInit
 .text.SPI_voidEnable
                0x080014fe       0x1c ./src/SPI_program.o
                0x080014fe                SPI_voidEnable
 .text.SPI_u16TransmitReceive
                0x0800151a       0x36 ./src/SPI_program.o
                0x0800151a                SPI_u16TransmitReceive
 .text.SPI_u8GetFlagStatus
                0x08001550       0x28 ./src/SPI_program.o
                0x08001550                SPI_u8GetFlagStatus
 .text.ST7735S_BeginWrite
                0x08001578        0xe ./src/ST7735S_program.o
 .text.ST7735S_HardwareReset
                0x08001586       0x34 ./src/ST7735S_program.o
 .text.ST7735S_InitOutputPin
                0x080015ba       0x2a ./src/ST7735S_program.o
 .text.ST7735S_InitSPIPins
                0x080015e4       0x36 ./src/ST7735S_program.o
 .text.ST7735S_InitSPI
                0x0800161a       0x42 ./src/ST7735S_program.o
 .text.ST7735S_WriteByte
                0x0800165c        0xc ./src/ST7735S_program.o
 .text.ST7735S_WriteCommandRaw
                0x08001668       0x16 ./src/ST7735S_program.o
 .text.ST7735S_WriteDataRaw
                0x0800167e       0x16 ./src/ST7735S_program.o
 .text.ST7735S_SetAddressWindowRaw
                0x08001694       0x4e ./src/ST7735S_program.o
 .text.ST7735S_WaitForSPI
                0x080016e2       0x10 ./src/ST7735S_program.o
 .text.ST7735S_EndWrite
                0x080016f2       0x12 ./src/ST7735S_program.o
 .text.ST7735S_SendCommandData
                0x08001704       0x2a ./src/ST7735S_program.o
 *fill*         0x0800172e        0x2 
 .text.ST7735S_DrawPixel
                0x08001730       0x44 ./src/ST7735S_program.o
                0x08001730                ST7735S_DrawPixel
 .text.ST7735S_FillRectangle
                0x08001774       0x80 ./src/ST7735S_program.o
                0x08001774                ST7735S_FillRectangle
 .text.ST7735S_FillScreen
                0x080017f4       0x24 ./src/ST7735S_program.o
                0x080017f4                ST7735S_FillScreen
 .text.ST7735S_Init
                0x08001818      0x288 ./src/ST7735S_program.o
                0x08001818                ST7735S_Init
 .text.SysTick_GetClockFrequency
                0x08001aa0       0x14 ./src/SysTick_program.o
 .text.SysTick_Start
                0x08001ab4       0x10 ./src/SysTick_program.o
                0x08001ab4                SysTick_Start
 .text.SysTick_ClearCurrentValue
                0x08001ac4        0xc ./src/SysTick_program.o
                0x08001ac4                SysTick_ClearCurrentValue
 .text.SysTick_HasElapsed
                0x08001ad0       0x18 ./src/SysTick_program.o
                0x08001ad0                SysTick_HasElapsed
 .text.SysTick_DelayUs
                0x08001ae8       0xa0 ./src/SysTick_program.o
                0x08001ae8                SysTick_DelayUs
 .text.SysTick_DelayMs
                0x08001b88       0x62 ./src/SysTick_program.o
                0x08001b88                SysTick_DelayMs
 *fill*         0x08001bea        0x2 
 .text.SysTick_Handler
                0x08001bec       0x10 ./src/SysTick_program.o
                0x08001bec                SysTick_Handler
 .text.TIM_pGetTimer
                0x08001bfc       0x54 ./src/TIM_program.o
 .text.TIM_u8IsValidTimer
                0x08001c50        0xc ./src/TIM_program.o
 .text.TIM_voidIRQHandler
                0x08001c5c      0x104 ./src/TIM_program.o
 .text.TIM_voidInit
                0x08001d60       0x76 ./src/TIM_program.o
                0x08001d60                TIM_voidInit
 .text.TIM_voidStart
                0x08001dd6       0x1c ./src/TIM_program.o
                0x08001dd6                TIM_voidStart
 .text.TIM_voidStop
                0x08001df2       0x1c ./src/TIM_program.o
                0x08001df2                TIM_voidStop
 .text.TIM_voidResetCounter
                0x08001e0e        0xe ./src/TIM_program.o
                0x08001e0e                TIM_voidResetCounter
 .text.TIM_u32GetCounterValue
                0x08001e1c       0x10 ./src/TIM_program.o
                0x08001e1c                TIM_u32GetCounterValue
 .text.TIM_voidEnableInterrupt
                0x08001e2c       0x54 ./src/TIM_program.o
                0x08001e2c                TIM_voidEnableInterrupt
 .text.TIM_voidSetCallback
                0x08001e80       0x1c ./src/TIM_program.o
                0x08001e80                TIM_voidSetCallback
 .text.TIM_voidClearFlag
                0x08001e9c       0x54 ./src/TIM_program.o
                0x08001e9c                TIM_voidClearFlag
 .text.TIM1_BRK_TIM9_IRQHandler
                0x08001ef0       0x10 ./src/TIM_program.o
                0x08001ef0                TIM1_BRK_TIM9_IRQHandler
 .text.TIM1_UP_TIM10_IRQHandler
                0x08001f00       0x10 ./src/TIM_program.o
                0x08001f00                TIM1_UP_TIM10_IRQHandler
 .text.TIM1_TRG_COM_TIM11_IRQHandler
                0x08001f10       0x10 ./src/TIM_program.o
                0x08001f10                TIM1_TRG_COM_TIM11_IRQHandler
 .text.TIM1_CC_IRQHandler
                0x08001f20        0xa ./src/TIM_program.o
                0x08001f20                TIM1_CC_IRQHandler
 .text.TIM2_IRQHandler
                0x08001f2a        0xa ./src/TIM_program.o
                0x08001f2a                TIM2_IRQHandler
 .text.TIM3_IRQHandler
                0x08001f34        0xa ./src/TIM_program.o
                0x08001f34                TIM3_IRQHandler
 .text.TIM4_IRQHandler
                0x08001f3e        0xa ./src/TIM_program.o
                0x08001f3e                TIM4_IRQHandler
 .text.TIM5_IRQHandler
                0x08001f48        0xa ./src/TIM_program.o
                0x08001f48                TIM5_IRQHandler
 .text.ST7735S_FontGetIndex
                0x08001f52       0x36 ./src/main.o
 .text.Delay    0x08001f88       0x16 ./src/main.o
 *fill*         0x08001f9e        0x2 
 .text.GetRandom
                0x08001fa0       0x1c ./src/main.o
 .text.NumberToString
                0x08001fbc       0x60 ./src/main.o
 .text.AppendString
                0x0800201c       0x16 ./src/main.o
 .text.GetStringLength
                0x08002032       0x16 ./src/main.o
 .text.IsDuplicateAnswer
                0x08002048       0x26 ./src/main.o
 *fill*         0x0800206e        0x2 
 .text.GenerateQuestion
                0x08002070      0x1cc ./src/main.o
 .text.Buzzer_Beep
                0x0800223c       0x2c ./src/main.o
 .text.Buzzer_Click
                0x08002268        0xc ./src/main.o
 .text.Buzzer_Wrong
                0x08002274       0x10 ./src/main.o
 .text.Buzzer_Pause
                0x08002284       0x24 ./src/main.o
 .text.Buzzer_Select
                0x080022a8       0x1c ./src/main.o
 .text.Buzzer_Correct
                0x080022c4       0x1c ./src/main.o
 .text.Buzzer_NewHighScore
                0x080022e0       0x40 ./src/main.o
 .text.Buzzer_Match
                0x08002320       0x2c ./src/main.o
 .text.Buzzer_Mismatch
                0x0800234c       0x1c ./src/main.o
 .text.Buzzer_Win
                0x08002368       0x40 ./src/main.o
 .text.Buzzer_Eat
                0x080023a8       0x1c ./src/main.o
 .text.Buzzer_GameOver
                0x080023c4       0x30 ./src/main.o
 .text.FillRect
                0x080023f4       0x3c ./src/main.o
 .text.DrawLargeChar
                0x08002430       0x68 ./src/main.o
 .text.DrawLargeString
                0x08002498       0x3a ./src/main.o
 *fill*         0x080024d2        0x2 
 .text.ShowAnswerResult
                0x080024d4       0x4c ./src/main.o
 .text.DrawSettingsMenu
                0x08002520      0x1c0 ./src/main.o
 .text.DrawMainMenu
                0x080026e0      0x1d4 ./src/main.o
 .text.UpdateMainMenuSelection
                0x080028b4      0x144 ./src/main.o
 .text.DrawOperation
                0x080029f8       0xb0 ./src/main.o
 .text.DrawQuestion
                0x08002aa8       0xc4 ./src/main.o
 .text.UpdateSettingsSelection
                0x08002b6c      0x210 ./src/main.o
 .text.DrawRectBorder
                0x08002d7c       0xa8 ./src/main.o
 .text.DrawAnswerBox
                0x08002e24       0x92 ./src/main.o
 *fill*         0x08002eb6        0x2 
 .text.DrawMathQuiz
                0x08002eb8      0x17c ./src/main.o
 .text.DrawMemoryCard
                0x08003034       0xd4 ./src/main.o
 .text.DrawMemoryGame
                0x08003108       0xf4 ./src/main.o
 .text.WaitForRelease
                0x080031fc       0x12 ./src/main.o
 *fill*         0x0800320e        0x2 
 .text.Input_ReadPin
                0x08003210       0x78 ./src/main.o
 .text.WelcomeScreen
                0x08003288       0x74 ./src/main.o
 .text.ShowFinalScore
                0x080032fc       0x7c ./src/main.o
 .text.ShowHighScoresScreen
                0x08003378      0x100 ./src/main.o
 .text.ConfirmResetScores
                0x08003478       0xd0 ./src/main.o
 .text.Display_Refresh
                0x08003548       0x40 ./src/main.o
 .text.MathQuiz_Game
                0x08003588      0x228 ./src/main.o
 .text.Memory_Game
                0x080037b0      0x338 ./src/main.o
 .text.Snake_Game
                0x08003ae8      0x43c ./src/main.o
 .text.MusicMaker_Game
                0x08003f24      0x180 ./src/main.o
 .text.SettingsMenu
                0x080040a4      0x100 ./src/main.o
 .text.main     0x080041a4      0x164 ./src/main.o
                0x080041a4                main
 .text          0x08004308       0x30 d:/embedded systems avr tools/01- imt sdk/imt_sdk_win_64/winarm/armgcc/bin/../lib/gcc/arm-none-eabi/7.2.1/thumb/v7e-m\libgcc.a(_aeabi_uldivmod.o)
                0x08004308                __aeabi_uldivmod
 .text          0x08004338      0x2cc d:/embedded systems avr tools/01- imt sdk/imt_sdk_win_64/winarm/armgcc/bin/../lib/gcc/arm-none-eabi/7.2.1/thumb/v7e-m\libgcc.a(_udivmoddi4.o)
                0x08004338                __udivmoddi4
 .text          0x08004604        0x4 d:/embedded systems avr tools/01- imt sdk/imt_sdk_win_64/winarm/armgcc/bin/../lib/gcc/arm-none-eabi/7.2.1/thumb/v7e-m\libgcc.a(_dvmd_tls.o)
                0x08004604                __aeabi_idiv0
                0x08004604                __aeabi_ldiv0
 .text.__errno  0x08004608        0xc d:/embedded systems avr tools/01- imt sdk/imt_sdk_win_64/winarm/armgcc/bin/../lib/gcc/arm-none-eabi/7.2.1/../../../../arm-none-eabi/lib/thumb/v7e-m\libg_nano.a(lib_a-errno.o)
                0x08004608                __errno
 .text._vsnprintf_r
                0x08004614       0x58 d:/embedded systems avr tools/01- imt sdk/imt_sdk_win_64/winarm/armgcc/bin/../lib/gcc/arm-none-eabi/7.2.1/../../../../arm-none-eabi/lib/thumb/v7e-m\libg_nano.a(lib_a-vsnprintf.o)
                0x08004614                _vsniprintf_r
                0x08004614                _vsnprintf_r
 .text.vsnprintf
                0x0800466c       0x1c d:/embedded systems avr tools/01- imt sdk/imt_sdk_win_64/winarm/armgcc/bin/../lib/gcc/arm-none-eabi/7.2.1/../../../../arm-none-eabi/lib/thumb/v7e-m\libg_nano.a(lib_a-vsnprintf.o)
                0x0800466c                vsniprintf
                0x0800466c                vsnprintf
 .text.__ssputs_r
                0x08004688       0xb4 d:/embedded systems avr tools/01- imt sdk/imt_sdk_win_64/winarm/armgcc/bin/../lib/gcc/arm-none-eabi/7.2.1/../../../../arm-none-eabi/lib/thumb/v7e-m\libg_nano.a(lib_a-nano-svfprintf.o)
                0x08004688                __ssputs_r
 .text._svfprintf_r
                0x0800473c      0x1ec d:/embedded systems avr tools/01- imt sdk/imt_sdk_win_64/winarm/armgcc/bin/../lib/gcc/arm-none-eabi/7.2.1/../../../../arm-none-eabi/lib/thumb/v7e-m\libg_nano.a(lib_a-nano-svfprintf.o)
                0x0800473c                _svfiprintf_r
                0x0800473c                _svfprintf_r
 .text._printf_common
                0x08004928       0xea d:/embedded systems avr tools/01- imt sdk/imt_sdk_win_64/winarm/armgcc/bin/../lib/gcc/arm-none-eabi/7.2.1/../../../../arm-none-eabi/lib/thumb/v7e-m\libg_nano.a(lib_a-nano-vfprintf_i.o)
                0x08004928                _printf_common
 *fill*         0x08004a12        0x2 
 .text._printf_i
                0x08004a14      0x224 d:/embedded systems avr tools/01- imt sdk/imt_sdk_win_64/winarm/armgcc/bin/../lib/gcc/arm-none-eabi/7.2.1/../../../../arm-none-eabi/lib/thumb/v7e-m\libg_nano.a(lib_a-nano-vfprintf_i.o)
                0x08004a14                _printf_i
 *fill*         0x08004c38        0x8 
 .text          0x08004c40       0xa0 d:/embedded systems avr tools/01- imt sdk/imt_sdk_win_64/winarm/armgcc/bin/../lib/gcc/arm-none-eabi/7.2.1/../../../../arm-none-eabi/lib/thumb/v7e-m\libg_nano.a(lib_a-memchr.o)
                0x08004c40                memchr
 .text.memcpy   0x08004ce0       0x16 d:/embedded systems avr tools/01- imt sdk/imt_sdk_win_64/winarm/armgcc/bin/../lib/gcc/arm-none-eabi/7.2.1/../../../../arm-none-eabi/lib/thumb/v7e-m\libg_nano.a(lib_a-memcpy-stub.o)
                0x08004ce0                memcpy
 .text.memmove  0x08004cf6       0x32 d:/embedded systems avr tools/01- imt sdk/imt_sdk_win_64/winarm/armgcc/bin/../lib/gcc/arm-none-eabi/7.2.1/../../../../arm-none-eabi/lib/thumb/v7e-m\libg_nano.a(lib_a-memmove.o)
                0x08004cf6                memmove
 .text._free_r  0x08004d28       0x9c d:/embedded systems avr tools/01- imt sdk/imt_sdk_win_64/winarm/armgcc/bin/../lib/gcc/arm-none-eabi/7.2.1/../../../../arm-none-eabi/lib/thumb/v7e-m\libg_nano.a(lib_a-nano-freer.o)
                0x08004d28                _free_r
 .text._malloc_r
                0x08004dc4       0xb4 d:/embedded systems avr tools/01- imt sdk/imt_sdk_win_64/winarm/armgcc/bin/../lib/gcc/arm-none-eabi/7.2.1/../../../../arm-none-eabi/lib/thumb/v7e-m\libg_nano.a(lib_a-nano-mallocr.o)
                0x08004dc4                _malloc_r
 .text._realloc_r
                0x08004e78       0x4c d:/embedded systems avr tools/01- imt sdk/imt_sdk_win_64/winarm/armgcc/bin/../lib/gcc/arm-none-eabi/7.2.1/../../../../arm-none-eabi/lib/thumb/v7e-m\libg_nano.a(lib_a-nano-reallocr.o)
                0x08004e78                _realloc_r
 .text._sbrk_r  0x08004ec4       0x20 d:/embedded systems avr tools/01- imt sdk/imt_sdk_win_64/winarm/armgcc/bin/../lib/gcc/arm-none-eabi/7.2.1/../../../../arm-none-eabi/lib/thumb/v7e-m\libg_nano.a(lib_a-sbrkr.o)
                0x08004ec4                _sbrk_r
 .text.__malloc_lock
                0x08004ee4        0x2 d:/embedded systems avr tools/01- imt sdk/imt_sdk_win_64/winarm/armgcc/bin/../lib/gcc/arm-none-eabi/7.2.1/../../../../arm-none-eabi/lib/thumb/v7e-m\libg_nano.a(lib_a-mlock.o)
                0x08004ee4                __malloc_lock
 .text.__malloc_unlock
                0x08004ee6        0x2 d:/embedded systems avr tools/01- imt sdk/imt_sdk_win_64/winarm/armgcc/bin/../lib/gcc/arm-none-eabi/7.2.1/../../../../arm-none-eabi/lib/thumb/v7e-m\libg_nano.a(lib_a-mlock.o)
                0x08004ee6                __malloc_unlock
 .text._malloc_usable_size_r
                0x08004ee8       0x10 d:/embedded systems avr tools/01- imt sdk/imt_sdk_win_64/winarm/armgcc/bin/../lib/gcc/arm-none-eabi/7.2.1/../../../../arm-none-eabi/lib/thumb/v7e-m\libg_nano.a(lib_a-nano-msizer.o)
                0x08004ee8                _malloc_usable_size_r
 *(.rodata .rodata.* .constdata .constdata.*)
 .rodata.dumpExceptionStack.str1.4
                0x08004ef8      0x11a ./system/src/cortexm/exception_handlers.o
 *fill*         0x08005012        0x2 
 .rodata.str1.4
                0x08005014       0x2a ./system/src/cortexm/exception_handlers.o
 *fill*         0x0800503e        0x2 
 .rodata.AHBPrescTable
                0x08005040       0x10 ./system/src/cmsis/system_stm32f4xx.o
                0x08005040                AHBPrescTable
 .rodata.Audio_Data
                0x08005050       0x20 ./src/AUDIO_program.o
 .rodata.Local_au8Frame.3842
                0x08005070        0x8 ./src/LED_MATRIX_program.o
 .rodata.Local_au8Frame.3846
                0x08005078        0x8 ./src/LED_MATRIX_program.o
 .rodata.Local_au8Frames.3830
                0x08005080       0x20 ./src/LED_MATRIX_program.o
 .rodata        0x080050a0       0x38 ./src/main.o
 .rodata.ConfirmResetScores.str1.4
                0x080050d8       0x27 ./src/main.o
                                 0x2f (size before relaxing)
 *fill*         0x080050ff        0x1 
 .rodata.DrawMainMenu.str1.4
                0x08005100       0x9f ./src/main.o
 *fill*         0x0800519f        0x1 
 .rodata.DrawMathQuiz.str1.4
                0x080051a0       0x2b ./src/main.o
 *fill*         0x080051cb        0x1 
 .rodata.DrawMemoryCard.str1.4
                0x080051cc        0x2 ./src/main.o
 *fill*         0x080051ce        0x2 
 .rodata.DrawMemoryGame.str1.4
                0x080051d0       0x25 ./src/main.o
 *fill*         0x080051f5        0x3 
 .rodata.DrawSettingsMenu.str1.4
                0x080051f8       0xc9 ./src/main.o
 *fill*         0x080052c1        0x3 
 .rodata.MemoryCards
                0x080052c4        0x8 ./src/main.o
 .rodata.Memory_Game.str1.4
                0x080052cc        0x9 ./src/main.o
 *fill*         0x080052d5        0x3 
 .rodata.MusicMaker_Game.str1.4
                0x080052d8       0x37 ./src/main.o
 *fill*         0x0800530f        0x1 
 .rodata.ST7735S_Font
                0x08005310       0xbe ./src/main.o
 *fill*         0x080053ce        0x2 
 .rodata.ShowAnswerResult.str1.4
                0x080053d0        0xe ./src/main.o
 *fill*         0x080053de        0x2 
 .rodata.ShowFinalScore.str1.4
                0x080053e0       0x24 ./src/main.o
 .rodata.ShowHighScoresScreen.str1.4
                0x08005404       0x14 ./src/main.o
 .rodata.Snake_Game.str1.4
                0x08005418       0x3d ./src/main.o
 *fill*         0x08005455        0x3 
 .rodata.WelcomeScreen.str1.4
                0x08005458       0x1d ./src/main.o
 *fill*         0x08005475        0x3 
 .rodata.str1.4
                0x08005478       0x40 ./src/main.o
 .rodata._svfprintf_r.str1.1
                0x080054b8       0x11 d:/embedded systems avr tools/01- imt sdk/imt_sdk_win_64/winarm/armgcc/bin/../lib/gcc/arm-none-eabi/7.2.1/../../../../arm-none-eabi/lib/thumb/v7e-m\libg_nano.a(lib_a-nano-svfprintf.o)
 .rodata._printf_i.str1.1
                0x080054c9       0x22 d:/embedded systems avr tools/01- imt sdk/imt_sdk_win_64/winarm/armgcc/bin/../lib/gcc/arm-none-eabi/7.2.1/../../../../arm-none-eabi/lib/thumb/v7e-m\libg_nano.a(lib_a-nano-vfprintf_i.o)
 *(vtable)
 *(.eh_frame*)
 *(.glue_7)
 .glue_7        0x080054eb        0x0 linker stubs
 *(.glue_7t)
 .glue_7t       0x080054eb        0x0 linker stubs

.vfp11_veneer   0x080054ec        0x0
 .vfp11_veneer  0x080054ec        0x0 linker stubs

.v4_bx          0x080054ec        0x0
 .v4_bx         0x080054ec        0x0 linker stubs

.iplt           0x080054ec        0x0
 .iplt          0x080054ec        0x0 ./system/src/newlib/_exit.o

.ARM.extab
 *(.ARM.extab* .gnu.linkonce.armextab.*)
                0x080054ec                . = ALIGN (0x4)
                0x080054ec                __exidx_start = .

.ARM.exidx      0x080054ec        0x8
 *(.ARM.exidx* .gnu.linkonce.armexidx.*)
 .ARM.exidx     0x080054ec        0x8 d:/embedded systems avr tools/01- imt sdk/imt_sdk_win_64/winarm/armgcc/bin/../lib/gcc/arm-none-eabi/7.2.1/thumb/v7e-m\libgcc.a(_udivmoddi4.o)
                0x080054f4                __exidx_end = .

.rel.dyn        0x080054f4        0x0
 .rel.iplt      0x080054f4        0x0 ./system/src/newlib/_exit.o
                0x080054f4                . = ALIGN (0x4)
                0x080054f4                _etext = .
                0x080054f4                __etext = .

.data_CCMRAM    0x10000000        0x0 load address 0x080054f4
 FILL mask 0xff
 *(.data.CCMRAM .data.CCMRAM.*)
                0x10000000                . = ALIGN (0x4)
                0x080054f4                _sidata = LOADADDR (.data)

.data           0x20000000       0x8c load address 0x080054f4
 FILL mask 0xff
                0x20000000                _sdata = .
                0x20000000                __data_start__ = .
 *(.data_begin .data_begin.*)
 .data_begin    0x20000000        0x4 ./system/src/newlib/_startup.o
 *(.data .data.*)
 .data.argv.4310
                0x20000004        0x8 ./system/src/newlib/_syscalls.o
 .data.SystemCoreClock
                0x2000000c        0x4 ./system/src/cmsis/system_stm32f4xx.o
                0x2000000c                SystemCoreClock
 .data.Audio_PhaseStep
                0x20000010        0x4 ./src/AUDIO_program.o
 .data.ST7735S_CurrentHeight
                0x20000014        0x2 ./src/ST7735S_program.o
 .data.ST7735S_CurrentWidth
                0x20000016        0x2 ./src/ST7735S_program.o
 .data.BestMovesMemory
                0x20000018        0x1 ./src/main.o
 .data.DifficultyLevel
                0x20000019        0x1 ./src/main.o
 *fill*         0x2000001a        0x2 ff
 .data.RandomState
                0x2000001c        0x4 ./src/main.o
 .data.SoundEnabled
                0x20000020        0x1 ./src/main.o
 *fill*         0x20000021        0x3 ff
 .data._impure_ptr
                0x20000024        0x4 d:/embedded systems avr tools/01- imt sdk/imt_sdk_win_64/winarm/armgcc/bin/../lib/gcc/arm-none-eabi/7.2.1/../../../../arm-none-eabi/lib/thumb/v7e-m\libg_nano.a(lib_a-impure.o)
                0x20000024                _impure_ptr
 .data.impure_data
                0x20000028       0x60 d:/embedded systems avr tools/01- imt sdk/imt_sdk_win_64/winarm/armgcc/bin/../lib/gcc/arm-none-eabi/7.2.1/../../../../arm-none-eabi/lib/thumb/v7e-m\libg_nano.a(lib_a-impure.o)
 *(.data_end .data_end.*)
 .data_end      0x20000088        0x4 ./system/src/newlib/_startup.o
                0x2000008c                . = ALIGN (0x4)
                0x2000008c                _edata = .
                0x2000008c                __data_end__ = .

.igot.plt       0x2000008c        0x0 load address 0x08005580
 .igot.plt      0x2000008c        0x0 ./system/src/newlib/_exit.o

.bss_CCMRAM     0x10000000        0x0
 *(.bss.CCMRAM .bss.CCMRAM.*)

.bss            0x2000008c      0x194
                0x2000008c                __bss_start__ = .
                0x2000008c                _sbss = .
 *(.bss_begin .bss_begin.*)
 .bss_begin     0x2000008c        0x4 ./system/src/newlib/_startup.o
 *(.bss .bss.*)
 .bss.current_heap_end.3961
                0x20000090        0x4 ./system/src/newlib/_sbrk.o
 .bss.name.4309
                0x20000094        0x1 ./system/src/newlib/_syscalls.o
 *fill*         0x20000095        0x3 
 .bss.buf.5205  0x20000098       0x80 ./system/src/diag/Trace.o
 .bss.Audio_IsPlaying
                0x20000118        0x1 ./src/AUDIO_program.o
 *fill*         0x20000119        0x3 
 .bss.Audio_Phase
                0x2000011c        0x4 ./src/AUDIO_program.o
 .bss.Audio_Volume
                0x20000120        0x1 ./src/AUDIO_program.o
 .bss.IR_BitCount
                0x20000121        0x1 ./src/IR_program.o
 *fill*         0x20000122        0x2 
 .bss.IR_Data   0x20000124        0x4 ./src/IR_program.o
 .bss.IR_FrameReady
                0x20000128        0x1 ./src/IR_program.o
 *fill*         0x20000129        0x3 
 .bss.IR_LastCode
                0x2000012c        0x4 ./src/IR_program.o
 .bss.IR_LastEdgeTime
                0x20000130        0x4 ./src/IR_program.o
 .bss.IR_Ready  0x20000134        0x1 ./src/IR_program.o
 .bss.IR_State  0x20000135        0x1 ./src/IR_program.o
 .bss.LED_MATRIX_CurrentRow
                0x20000136        0x1 ./src/LED_MATRIX_program.o
 *fill*         0x20000137        0x1 
 .bss.LED_MATRIX_Frame
                0x20000138        0x8 ./src/LED_MATRIX_program.o
 .bss.SysTick_Callback
                0x20000140        0x4 ./src/SysTick_program.o
 .bss.TIM_Callbacks
                0x20000144       0xc0 ./src/TIM_program.o
 .bss.DisplayMode
                0x20000204        0x1 ./src/main.o
 .bss.HighScoreMath
                0x20000205        0x1 ./src/main.o
 .bss.HighScoreSnake
                0x20000206        0x2 ./src/main.o
 .bss.IR_ReadyInMain
                0x20000208        0x1 ./src/main.o
 .bss.LastInputWasIR
                0x20000209        0x1 ./src/main.o
 .bss.Local_u8AudioInitialized.4333
                0x2000020a        0x1 ./src/main.o
 .bss.OperationIndex
                0x2000020b        0x1 ./src/main.o
 .bss.PendingIRKey
                0x2000020c        0x1 ./src/main.o
 .bss.SelectedItem
                0x2000020d        0x1 ./src/main.o
 *fill*         0x2000020e        0x2 
 .bss.__malloc_free_list
                0x20000210        0x4 d:/embedded systems avr tools/01- imt sdk/imt_sdk_win_64/winarm/armgcc/bin/../lib/gcc/arm-none-eabi/7.2.1/../../../../arm-none-eabi/lib/thumb/v7e-m\libg_nano.a(lib_a-nano-mallocr.o)
                0x20000210                __malloc_free_list
 .bss.__malloc_sbrk_start
                0x20000214        0x4 d:/embedded systems avr tools/01- imt sdk/imt_sdk_win_64/winarm/armgcc/bin/../lib/gcc/arm-none-eabi/7.2.1/../../../../arm-none-eabi/lib/thumb/v7e-m\libg_nano.a(lib_a-nano-mallocr.o)
                0x20000214                __malloc_sbrk_start
 *(COMMON)
 COMMON         0x20000218        0x4 ./system/src/newlib/_syscalls.o
                0x20000218                errno
 *(.bss_end .bss_end.*)
 .bss_end       0x2000021c        0x4 ./system/src/newlib/_startup.o
                0x20000220                . = ALIGN (0x4)
                0x20000220                __bss_end__ = .
                0x20000220                _ebss = .

.noinit_CCMRAM
 *(.noinit.CCMRAM .noinit.CCMRAM.*)

.noinit         0x20000220        0x0
                0x20000220                _noinit = .
 *(.noinit .noinit.*)
                0x20000220                . = ALIGN (0x4)
                0x20000220                _end_noinit = .
                [!provide]                PROVIDE (end, _end_noinit)
                [!provide]                PROVIDE (_end, _end_noinit)
                [!provide]                PROVIDE (__end, _end_noinit)
                [!provide]                PROVIDE (__end__, _end_noinit)

._check_stack   0x20000220      0x100
                0x20000320                . = (. + _Minimum_Stack_Size)
 *fill*         0x20000220      0x100 

.b1text
 *(.b1text)
 *(.b1rodata)
 *(.b1rodata.*)

.eb0text
 *(.eb0text)
 *(.eb0rodata)
 *(.eb0rodata.*)

.eb1text
 *(.eb1text)
 *(.eb1rodata)
 *(.eb1rodata.*)

.eb2text
 *(.eb2text)
 *(.eb2rodata)
 *(.eb2rodata.*)

.eb3text
 *(.eb3text)
 *(.eb3rodata)
 *(.eb3rodata.*)

.stab
 *(.stab)

.stabstr
 *(.stabstr)

.stab.excl
 *(.stab.excl)

.stab.exclstr
 *(.stab.exclstr)

.stab.index
 *(.stab.index)

.stab.indexstr
 *(.stab.indexstr)

.comment        0x00000000       0x7e
 *(.comment)
 .comment       0x00000000       0x7e ./system/src/newlib/_exit.o
                                 0x7f (size before relaxing)
 .comment       0x0000007e       0x7f ./system/src/newlib/_sbrk.o
 .comment       0x0000007e       0x7f ./system/src/newlib/_startup.o
 .comment       0x0000007e       0x7f ./system/src/newlib/_syscalls.o
 .comment       0x0000007e       0x7f ./system/src/diag/Trace.o
 .comment       0x0000007e       0x7f ./system/src/diag/trace_impl.o
 .comment       0x0000007e       0x7f ./system/src/cortexm/_initialize_hardware.o
 .comment       0x0000007e       0x7f ./system/src/cortexm/exception_handlers.o
 .comment       0x0000007e       0x7f ./system/src/cmsis/system_stm32f4xx.o
 .comment       0x0000007e       0x7f ./system/src/cmsis/vectors_stm32f401xc.o
 .comment       0x0000007e       0x7f ./src/AUDIO_program.o
 .comment       0x0000007e       0x7f ./src/DAC_program.o
 .comment       0x0000007e       0x7f ./src/EXTI_program.o
 .comment       0x0000007e       0x7f ./src/GPIO_program.o
 .comment       0x0000007e       0x7f ./src/IR_program.o
 .comment       0x0000007e       0x7f ./src/LED_MATRIX_program.o
 .comment       0x0000007e       0x7f ./src/NVIC_program.o
 .comment       0x0000007e       0x7f ./src/RCC_program.o
 .comment       0x0000007e       0x7f ./src/SPI_program.o
 .comment       0x0000007e       0x7f ./src/ST7735S_program.o
 .comment       0x0000007e       0x7f ./src/SysTick_program.o
 .comment       0x0000007e       0x7f ./src/TIM_program.o
 .comment       0x0000007e       0x7f ./src/main.o

.ARM.attributes
                0x00000000       0x31
 .ARM.attributes
                0x00000000       0x33 ./system/src/newlib/_exit.o
 .ARM.attributes
                0x00000033       0x33 ./system/src/newlib/_sbrk.o
 .ARM.attributes
                0x00000066       0x33 ./system/src/newlib/_startup.o
 .ARM.attributes
                0x00000099       0x33 ./system/src/newlib/_syscalls.o
 .ARM.attributes
                0x000000cc       0x33 ./system/src/diag/Trace.o
 .ARM.attributes
                0x000000ff       0x33 ./system/src/diag/trace_impl.o
 .ARM.attributes
                0x00000132       0x33 ./system/src/cortexm/_initialize_hardware.o
 .ARM.attributes
                0x00000165       0x33 ./system/src/cortexm/exception_handlers.o
 .ARM.attributes
                0x00000198       0x33 ./system/src/cmsis/system_stm32f4xx.o
 .ARM.attributes
                0x000001cb       0x33 ./system/src/cmsis/vectors_stm32f401xc.o
 .ARM.attributes
                0x000001fe       0x33 ./src/AUDIO_program.o
 .ARM.attributes
                0x00000231       0x33 ./src/DAC_program.o
 .ARM.attributes
                0x00000264       0x33 ./src/EXTI_program.o
 .ARM.attributes
                0x00000297       0x33 ./src/GPIO_program.o
 .ARM.attributes
                0x000002ca       0x33 ./src/IR_program.o
 .ARM.attributes
                0x000002fd       0x33 ./src/LED_MATRIX_program.o
 .ARM.attributes
                0x00000330       0x33 ./src/NVIC_program.o
 .ARM.attributes
                0x00000363       0x33 ./src/RCC_program.o
 .ARM.attributes
                0x00000396       0x33 ./src/SPI_program.o
 .ARM.attributes
                0x000003c9       0x33 ./src/ST7735S_program.o
 .ARM.attributes
                0x000003fc       0x33 ./src/SysTick_program.o
 .ARM.attributes
                0x0000042f       0x33 ./src/TIM_program.o
 .ARM.attributes
                0x00000462       0x33 ./src/main.o
 .ARM.attributes
                0x00000495       0x1e d:/embedded systems avr tools/01- imt sdk/imt_sdk_win_64/winarm/armgcc/bin/../lib/gcc/arm-none-eabi/7.2.1/thumb/v7e-m\libgcc.a(_aeabi_uldivmod.o)
 .ARM.attributes
                0x000004b3       0x2e d:/embedded systems avr tools/01- imt sdk/imt_sdk_win_64/winarm/armgcc/bin/../lib/gcc/arm-none-eabi/7.2.1/thumb/v7e-m\libgcc.a(_udivmoddi4.o)
 .ARM.attributes
                0x000004e1       0x1e d:/embedded systems avr tools/01- imt sdk/imt_sdk_win_64/winarm/armgcc/bin/../lib/gcc/arm-none-eabi/7.2.1/thumb/v7e-m\libgcc.a(_dvmd_tls.o)
 .ARM.attributes
                0x000004ff       0x2e d:/embedded systems avr tools/01- imt sdk/imt_sdk_win_64/winarm/armgcc/bin/../lib/gcc/arm-none-eabi/7.2.1/../../../../arm-none-eabi/lib/thumb/v7e-m\libg_nano.a(lib_a-errno.o)
 .ARM.attributes
                0x0000052d       0x2e d:/embedded systems avr tools/01- imt sdk/imt_sdk_win_64/winarm/armgcc/bin/../lib/gcc/arm-none-eabi/7.2.1/../../../../arm-none-eabi/lib/thumb/v7e-m\libg_nano.a(lib_a-impure.o)
 .ARM.attributes
                0x0000055b       0x2e d:/embedded systems avr tools/01- imt sdk/imt_sdk_win_64/winarm/armgcc/bin/../lib/gcc/arm-none-eabi/7.2.1/../../../../arm-none-eabi/lib/thumb/v7e-m\libg_nano.a(lib_a-vsnprintf.o)
 .ARM.attributes
                0x00000589       0x2e d:/embedded systems avr tools/01- imt sdk/imt_sdk_win_64/winarm/armgcc/bin/../lib/gcc/arm-none-eabi/7.2.1/../../../../arm-none-eabi/lib/thumb/v7e-m\libg_nano.a(lib_a-nano-svfprintf.o)
 .ARM.attributes
                0x000005b7       0x2e d:/embedded systems avr tools/01- imt sdk/imt_sdk_win_64/winarm/armgcc/bin/../lib/gcc/arm-none-eabi/7.2.1/../../../../arm-none-eabi/lib/thumb/v7e-m\libg_nano.a(lib_a-nano-vfprintf_i.o)
 .ARM.attributes
                0x000005e5       0x1c d:/embedded systems avr tools/01- imt sdk/imt_sdk_win_64/winarm/armgcc/bin/../lib/gcc/arm-none-eabi/7.2.1/../../../../arm-none-eabi/lib/thumb/v7e-m\libg_nano.a(lib_a-memchr.o)
 .ARM.attributes
                0x00000601       0x2e d:/embedded systems avr tools/01- imt sdk/imt_sdk_win_64/winarm/armgcc/bin/../lib/gcc/arm-none-eabi/7.2.1/../../../../arm-none-eabi/lib/thumb/v7e-m\libg_nano.a(lib_a-memcpy-stub.o)
 .ARM.attributes
                0x0000062f       0x2e d:/embedded systems avr tools/01- imt sdk/imt_sdk_win_64/winarm/armgcc/bin/../lib/gcc/arm-none-eabi/7.2.1/../../../../arm-none-eabi/lib/thumb/v7e-m\libg_nano.a(lib_a-memmove.o)
 .ARM.attributes
                0x0000065d       0x2e d:/embedded systems avr tools/01- imt sdk/imt_sdk_win_64/winarm/armgcc/bin/../lib/gcc/arm-none-eabi/7.2.1/../../../../arm-none-eabi/lib/thumb/v7e-m\libg_nano.a(lib_a-nano-freer.o)
 .ARM.attributes
                0x0000068b       0x2e d:/embedded systems avr tools/01- imt sdk/imt_sdk_win_64/winarm/armgcc/bin/../lib/gcc/arm-none-eabi/7.2.1/../../../../arm-none-eabi/lib/thumb/v7e-m\libg_nano.a(lib_a-nano-mallocr.o)
 .ARM.attributes
                0x000006b9       0x2e d:/embedded systems avr tools/01- imt sdk/imt_sdk_win_64/winarm/armgcc/bin/../lib/gcc/arm-none-eabi/7.2.1/../../../../arm-none-eabi/lib/thumb/v7e-m\libg_nano.a(lib_a-nano-reallocr.o)
 .ARM.attributes
                0x000006e7       0x2e d:/embedded systems avr tools/01- imt sdk/imt_sdk_win_64/winarm/armgcc/bin/../lib/gcc/arm-none-eabi/7.2.1/../../../../arm-none-eabi/lib/thumb/v7e-m\libg_nano.a(lib_a-sbrkr.o)
 .ARM.attributes
                0x00000715       0x2e d:/embedded systems avr tools/01- imt sdk/imt_sdk_win_64/winarm/armgcc/bin/../lib/gcc/arm-none-eabi/7.2.1/../../../../arm-none-eabi/lib/thumb/v7e-m\libg_nano.a(lib_a-mlock.o)
 .ARM.attributes
                0x00000743       0x2e d:/embedded systems avr tools/01- imt sdk/imt_sdk_win_64/winarm/armgcc/bin/../lib/gcc/arm-none-eabi/7.2.1/../../../../arm-none-eabi/lib/thumb/v7e-m\libg_nano.a(lib_a-nano-msizer.o)

.debug
 *(.debug)

.line
 *(.line)

.debug_srcinfo
 *(.debug_srcinfo)

.debug_sfnames
 *(.debug_sfnames)

.debug_aranges  0x00000000      0xb10
 *(.debug_aranges)
 .debug_aranges
                0x00000000       0x28 ./system/src/newlib/_exit.o
 .debug_aranges
                0x00000028       0x20 ./system/src/newlib/_sbrk.o
 .debug_aranges
                0x00000048       0x40 ./system/src/newlib/_startup.o
 .debug_aranges
                0x00000088       0x30 ./system/src/newlib/_syscalls.o
 .debug_aranges
                0x000000b8       0x38 ./system/src/diag/Trace.o
 .debug_aranges
                0x000000f0       0x30 ./system/src/diag/trace_impl.o
 .debug_aranges
                0x00000120       0x28 ./system/src/cortexm/_initialize_hardware.o
 .debug_aranges
                0x00000148       0x90 ./system/src/cortexm/exception_handlers.o
 .debug_aranges
                0x000001d8       0x28 ./system/src/cmsis/system_stm32f4xx.o
 .debug_aranges
                0x00000200       0x20 ./system/src/cmsis/vectors_stm32f401xc.o
 .debug_aranges
                0x00000220       0x48 ./src/AUDIO_program.o
 .debug_aranges
                0x00000268       0x28 ./src/DAC_program.o
 .debug_aranges
                0x00000290       0x78 ./src/EXTI_program.o
 .debug_aranges
                0x00000308       0x70 ./src/GPIO_program.o
 .debug_aranges
                0x00000378       0x50 ./src/IR_program.o
 .debug_aranges
                0x000003c8       0x88 ./src/LED_MATRIX_program.o
 .debug_aranges
                0x00000450       0x88 ./src/NVIC_program.o
 .debug_aranges
                0x000004d8      0x150 ./src/RCC_program.o
 .debug_aranges
                0x00000628       0xa0 ./src/SPI_program.o
 .debug_aranges
                0x000006c8       0xe8 ./src/ST7735S_program.o
 .debug_aranges
                0x000007b0       0x90 ./src/SysTick_program.o
 .debug_aranges
                0x00000840      0x138 ./src/TIM_program.o
 .debug_aranges
                0x00000978      0x198 ./src/main.o

.debug_pubnames
 *(.debug_pubnames)

.debug_info     0x00000000    0x110f9
 *(.debug_info .gnu.linkonce.wi.*)
 .debug_info    0x00000000      0x956 ./system/src/newlib/_exit.o
 .debug_info    0x00000956      0x942 ./system/src/newlib/_sbrk.o
 .debug_info    0x00001298      0x4bf ./system/src/newlib/_startup.o
 .debug_info    0x00001757      0xa19 ./system/src/newlib/_syscalls.o
 .debug_info    0x00002170      0xb2a ./system/src/diag/Trace.o
 .debug_info    0x00002c9a      0xb6b ./system/src/diag/trace_impl.o
 .debug_info    0x00003805      0xade ./system/src/cortexm/_initialize_hardware.o
 .debug_info    0x000042e3     0x115a ./system/src/cortexm/exception_handlers.o
 .debug_info    0x0000543d      0xcfe ./system/src/cmsis/system_stm32f4xx.o
 .debug_info    0x0000613b       0xca ./system/src/cmsis/vectors_stm32f401xc.o
 .debug_info    0x00006205      0x3d8 ./src/AUDIO_program.o
 .debug_info    0x000065dd      0x4ed ./src/DAC_program.o
 .debug_info    0x00006aca      0x59f ./src/EXTI_program.o
 .debug_info    0x00007069      0x842 ./src/GPIO_program.o
 .debug_info    0x000078ab      0x9a2 ./src/IR_program.o
 .debug_info    0x0000824d      0x80e ./src/LED_MATRIX_program.o
 .debug_info    0x00008a5b      0x646 ./src/NVIC_program.o
 .debug_info    0x000090a1      0x95d ./src/RCC_program.o
 .debug_info    0x000099fe      0xb55 ./src/SPI_program.o
 .debug_info    0x0000a553     0x1698 ./src/ST7735S_program.o
 .debug_info    0x0000bbeb      0x3ca ./src/SysTick_program.o
 .debug_info    0x0000bfb5      0xffd ./src/TIM_program.o
 .debug_info    0x0000cfb2     0x4147 ./src/main.o

.debug_abbrev   0x00000000     0x289f
 *(.debug_abbrev)
 .debug_abbrev  0x00000000      0x1f3 ./system/src/newlib/_exit.o
 .debug_abbrev  0x000001f3      0x1fc ./system/src/newlib/_sbrk.o
 .debug_abbrev  0x000003ef      0x1cb ./system/src/newlib/_startup.o
 .debug_abbrev  0x000005ba      0x234 ./system/src/newlib/_syscalls.o
 .debug_abbrev  0x000007ee      0x276 ./system/src/diag/Trace.o
 .debug_abbrev  0x00000a64      0x2ef ./system/src/diag/trace_impl.o
 .debug_abbrev  0x00000d53      0x1de ./system/src/cortexm/_initialize_hardware.o
 .debug_abbrev  0x00000f31      0x32b ./system/src/cortexm/exception_handlers.o
 .debug_abbrev  0x0000125c      0x216 ./system/src/cmsis/system_stm32f4xx.o
 .debug_abbrev  0x00001472       0x9d ./system/src/cmsis/vectors_stm32f401xc.o
 .debug_abbrev  0x0000150f      0x153 ./src/AUDIO_program.o
 .debug_abbrev  0x00001662       0xea ./src/DAC_program.o
 .debug_abbrev  0x0000174c      0x14d ./src/EXTI_program.o
 .debug_abbrev  0x00001899      0x17e ./src/GPIO_program.o
 .debug_abbrev  0x00001a17      0x196 ./src/IR_program.o
 .debug_abbrev  0x00001bad      0x14d ./src/LED_MATRIX_program.o
 .debug_abbrev  0x00001cfa      0x127 ./src/NVIC_program.o
 .debug_abbrev  0x00001e21      0x17a ./src/RCC_program.o
 .debug_abbrev  0x00001f9b      0x17e ./src/SPI_program.o
 .debug_abbrev  0x00002119      0x1bd ./src/ST7735S_program.o
 .debug_abbrev  0x000022d6      0x1cd ./src/SysTick_program.o
 .debug_abbrev  0x000024a3      0x1dc ./src/TIM_program.o
 .debug_abbrev  0x0000267f      0x220 ./src/main.o

.debug_line     0x00000000     0x748f
 *(.debug_line)
 .debug_line    0x00000000      0x393 ./system/src/newlib/_exit.o
 .debug_line    0x00000393      0x347 ./system/src/newlib/_sbrk.o
 .debug_line    0x000006da      0x40f ./system/src/newlib/_startup.o
 .debug_line    0x00000ae9      0x46e ./system/src/newlib/_syscalls.o
 .debug_line    0x00000f57      0x40f ./system/src/diag/Trace.o
 .debug_line    0x00001366      0xb03 ./system/src/diag/trace_impl.o
 .debug_line    0x00001e69      0xa6c ./system/src/cortexm/_initialize_hardware.o
 .debug_line    0x000028d5      0xbba ./system/src/cortexm/exception_handlers.o
 .debug_line    0x0000348f      0xa72 ./system/src/cmsis/system_stm32f4xx.o
 .debug_line    0x00003f01      0x113 ./system/src/cmsis/vectors_stm32f401xc.o
 .debug_line    0x00004014      0x204 ./src/AUDIO_program.o
 .debug_line    0x00004218      0x16f ./src/DAC_program.o
 .debug_line    0x00004387      0x29c ./src/EXTI_program.o
 .debug_line    0x00004623      0x2bd ./src/GPIO_program.o
 .debug_line    0x000048e0      0x261 ./src/IR_program.o
 .debug_line    0x00004b41      0x27d ./src/LED_MATRIX_program.o
 .debug_line    0x00004dbe      0x2a8 ./src/NVIC_program.o
 .debug_line    0x00005066      0x522 ./src/RCC_program.o
 .debug_line    0x00005588      0x342 ./src/SPI_program.o
 .debug_line    0x000058ca      0x501 ./src/ST7735S_program.o
 .debug_line    0x00005dcb      0x27c ./src/SysTick_program.o
 .debug_line    0x00006047      0x58b ./src/TIM_program.o
 .debug_line    0x000065d2      0xebd ./src/main.o

.debug_frame    0x00000000     0x20c8
 *(.debug_frame)
 .debug_frame   0x00000000       0x38 ./system/src/newlib/_exit.o
 .debug_frame   0x00000038       0x28 ./system/src/newlib/_sbrk.o
 .debug_frame   0x00000060       0x7c ./system/src/newlib/_startup.o
 .debug_frame   0x000000dc       0x50 ./system/src/newlib/_syscalls.o
 .debug_frame   0x0000012c       0x94 ./system/src/diag/Trace.o
 .debug_frame   0x000001c0       0x64 ./system/src/diag/trace_impl.o
 .debug_frame   0x00000224       0x40 ./system/src/cortexm/_initialize_hardware.o
 .debug_frame   0x00000264      0x158 ./system/src/cortexm/exception_handlers.o
 .debug_frame   0x000003bc       0x30 ./system/src/cmsis/system_stm32f4xx.o
 .debug_frame   0x000003ec       0x20 ./system/src/cmsis/vectors_stm32f401xc.o
 .debug_frame   0x0000040c       0xa0 ./src/AUDIO_program.o
 .debug_frame   0x000004ac       0x48 ./src/DAC_program.o
 .debug_frame   0x000004f4      0x128 ./src/EXTI_program.o
 .debug_frame   0x0000061c      0x130 ./src/GPIO_program.o
 .debug_frame   0x0000074c       0xb0 ./src/IR_program.o
 .debug_frame   0x000007fc      0x16c ./src/LED_MATRIX_program.o
 .debug_frame   0x00000968      0x168 ./src/NVIC_program.o
 .debug_frame   0x00000ad0      0x320 ./src/RCC_program.o
 .debug_frame   0x00000df0      0x1b8 ./src/SPI_program.o
 .debug_frame   0x00000fa8      0x308 ./src/ST7735S_program.o
 .debug_frame   0x000012b0      0x15c ./src/SysTick_program.o
 .debug_frame   0x0000140c      0x390 ./src/TIM_program.o
 .debug_frame   0x0000179c      0x604 ./src/main.o
 .debug_frame   0x00001da0       0x2c d:/embedded systems avr tools/01- imt sdk/imt_sdk_win_64/winarm/armgcc/bin/../lib/gcc/arm-none-eabi/7.2.1/thumb/v7e-m\libgcc.a(_aeabi_uldivmod.o)
 .debug_frame   0x00001dcc       0x34 d:/embedded systems avr tools/01- imt sdk/imt_sdk_win_64/winarm/armgcc/bin/../lib/gcc/arm-none-eabi/7.2.1/thumb/v7e-m\libgcc.a(_udivmoddi4.o)
 .debug_frame   0x00001e00       0x20 d:/embedded systems avr tools/01- imt sdk/imt_sdk_win_64/winarm/armgcc/bin/../lib/gcc/arm-none-eabi/7.2.1/../../../../arm-none-eabi/lib/thumb/v7e-m\libg_nano.a(lib_a-errno.o)
 .debug_frame   0x00001e20       0x4c d:/embedded systems avr tools/01- imt sdk/imt_sdk_win_64/winarm/armgcc/bin/../lib/gcc/arm-none-eabi/7.2.1/../../../../arm-none-eabi/lib/thumb/v7e-m\libg_nano.a(lib_a-vsnprintf.o)
 .debug_frame   0x00001e6c       0x90 d:/embedded systems avr tools/01- imt sdk/imt_sdk_win_64/winarm/armgcc/bin/../lib/gcc/arm-none-eabi/7.2.1/../../../../arm-none-eabi/lib/thumb/v7e-m\libg_nano.a(lib_a-nano-svfprintf.o)
 .debug_frame   0x00001efc       0x60 d:/embedded systems avr tools/01- imt sdk/imt_sdk_win_64/winarm/armgcc/bin/../lib/gcc/arm-none-eabi/7.2.1/../../../../arm-none-eabi/lib/thumb/v7e-m\libg_nano.a(lib_a-nano-vfprintf_i.o)
 .debug_frame   0x00001f5c       0x28 d:/embedded systems avr tools/01- imt sdk/imt_sdk_win_64/winarm/armgcc/bin/../lib/gcc/arm-none-eabi/7.2.1/../../../../arm-none-eabi/lib/thumb/v7e-m\libg_nano.a(lib_a-memcpy-stub.o)
 .debug_frame   0x00001f84       0x28 d:/embedded systems avr tools/01- imt sdk/imt_sdk_win_64/winarm/armgcc/bin/../lib/gcc/arm-none-eabi/7.2.1/../../../../arm-none-eabi/lib/thumb/v7e-m\libg_nano.a(lib_a-memmove.o)
 .debug_frame   0x00001fac       0x38 d:/embedded systems avr tools/01- imt sdk/imt_sdk_win_64/winarm/armgcc/bin/../lib/gcc/arm-none-eabi/7.2.1/../../../../arm-none-eabi/lib/thumb/v7e-m\libg_nano.a(lib_a-nano-freer.o)
 .debug_frame   0x00001fe4       0x2c d:/embedded systems avr tools/01- imt sdk/imt_sdk_win_64/winarm/armgcc/bin/../lib/gcc/arm-none-eabi/7.2.1/../../../../arm-none-eabi/lib/thumb/v7e-m\libg_nano.a(lib_a-nano-mallocr.o)
 .debug_frame   0x00002010       0x3c d:/embedded systems avr tools/01- imt sdk/imt_sdk_win_64/winarm/armgcc/bin/../lib/gcc/arm-none-eabi/7.2.1/../../../../arm-none-eabi/lib/thumb/v7e-m\libg_nano.a(lib_a-nano-reallocr.o)
 .debug_frame   0x0000204c       0x2c d:/embedded systems avr tools/01- imt sdk/imt_sdk_win_64/winarm/armgcc/bin/../lib/gcc/arm-none-eabi/7.2.1/../../../../arm-none-eabi/lib/thumb/v7e-m\libg_nano.a(lib_a-sbrkr.o)
 .debug_frame   0x00002078       0x30 d:/embedded systems avr tools/01- imt sdk/imt_sdk_win_64/winarm/armgcc/bin/../lib/gcc/arm-none-eabi/7.2.1/../../../../arm-none-eabi/lib/thumb/v7e-m\libg_nano.a(lib_a-mlock.o)
 .debug_frame   0x000020a8       0x20 d:/embedded systems avr tools/01- imt sdk/imt_sdk_win_64/winarm/armgcc/bin/../lib/gcc/arm-none-eabi/7.2.1/../../../../arm-none-eabi/lib/thumb/v7e-m\libg_nano.a(lib_a-nano-msizer.o)

.debug_str      0x00000000    0x78d6c
 *(.debug_str)
 .debug_str     0x00000000     0x7d03 ./system/src/newlib/_exit.o
                               0x7ed6 (size before relaxing)
 .debug_str     0x00007d03      0x4f5 ./system/src/newlib/_sbrk.o
                               0x7288 (size before relaxing)
 .debug_str     0x000081f8      0xc1e ./system/src/newlib/_startup.o
                               0x6a29 (size before relaxing)
 .debug_str     0x00008e16      0xe8b ./system/src/newlib/_syscalls.o
                               0x8163 (size before relaxing)
 .debug_str     0x00009ca1      0x826 ./system/src/diag/Trace.o
                               0x864e (size before relaxing)
 .debug_str     0x0000a4c7    0x67a2e ./system/src/diag/trace_impl.o
                              0x70974 (size before relaxing)
 .debug_str     0x00071ef5       0xc4 ./system/src/cortexm/_initialize_hardware.o
                              0x6f706 (size before relaxing)
 .debug_str     0x00071fb9      0x1a6 ./system/src/cortexm/exception_handlers.o
                              0x70afe (size before relaxing)
 .debug_str     0x0007215f      0x164 ./system/src/cmsis/system_stm32f4xx.o
                              0x6f7e7 (size before relaxing)
 .debug_str     0x000722c3       0x59 ./system/src/cmsis/vectors_stm32f401xc.o
                               0x3866 (size before relaxing)
 .debug_str     0x0007231c      0xbc1 ./src/AUDIO_program.o
                               0x43ac (size before relaxing)
 .debug_str     0x00072edd      0x35b ./src/DAC_program.o
                               0x3c43 (size before relaxing)
 .debug_str     0x00073238      0x640 ./src/EXTI_program.o
                               0x417b (size before relaxing)
 .debug_str     0x00073878      0x31c ./src/GPIO_program.o
                               0x3e39 (size before relaxing)
 .debug_str     0x00073b94      0x46d ./src/IR_program.o
                               0x4a7b (size before relaxing)
 .debug_str     0x00074001      0x30b ./src/LED_MATRIX_program.o
                               0x3e4a (size before relaxing)
 .debug_str     0x0007430c      0x5f7 ./src/NVIC_program.o
                               0x3e36 (size before relaxing)
 .debug_str     0x00074903     0x118a ./src/RCC_program.o
                               0x4f0e (size before relaxing)
 .debug_str     0x00075a8d      0x9ae ./src/SPI_program.o
                               0x4306 (size before relaxing)
 .debug_str     0x0007643b      0xb26 ./src/ST7735S_program.o
                               0x5000 (size before relaxing)
 .debug_str     0x00076f61      0x339 ./src/SysTick_program.o
                               0x3b9b (size before relaxing)
 .debug_str     0x0007729a      0xddd ./src/TIM_program.o
                               0x4de2 (size before relaxing)
 .debug_str     0x00078077      0xcf5 ./src/main.o
                               0x52ad (size before relaxing)

.debug_loc      0x00000000     0x65c4
 *(.debug_loc)
 .debug_loc     0x00000000       0x85 ./system/src/newlib/_sbrk.o
 .debug_loc     0x00000085      0x2cb ./system/src/newlib/_startup.o
 .debug_loc     0x00000350       0x63 ./system/src/newlib/_syscalls.o
 .debug_loc     0x000003b3       0xf6 ./system/src/diag/Trace.o
 .debug_loc     0x000004a9      0x121 ./system/src/diag/trace_impl.o
 .debug_loc     0x000005ca      0x291 ./system/src/cortexm/exception_handlers.o
 .debug_loc     0x0000085b      0x13e ./system/src/cmsis/system_stm32f4xx.o
 .debug_loc     0x00000999       0xe3 ./src/AUDIO_program.o
 .debug_loc     0x00000a7c       0x21 ./src/DAC_program.o
 .debug_loc     0x00000a9d      0x3dd ./src/EXTI_program.o
 .debug_loc     0x00000e7a      0x5e3 ./src/GPIO_program.o
 .debug_loc     0x0000145d      0x259 ./src/IR_program.o
 .debug_loc     0x000016b6      0x1ee ./src/LED_MATRIX_program.o
 .debug_loc     0x000018a4      0x447 ./src/NVIC_program.o
 .debug_loc     0x00001ceb      0xeac ./src/RCC_program.o
 .debug_loc     0x00002b97      0x817 ./src/SPI_program.o
 .debug_loc     0x000033ae      0x8d7 ./src/ST7735S_program.o
 .debug_loc     0x00003c85      0x2d8 ./src/SysTick_program.o
 .debug_loc     0x00003f5d      0xc44 ./src/TIM_program.o
 .debug_loc     0x00004ba1     0x1a23 ./src/main.o

.debug_macinfo
 *(.debug_macinfo)

.debug_weaknames
 *(.debug_weaknames)

.debug_funcnames
 *(.debug_funcnames)

.debug_typenames
 *(.debug_typenames)

.debug_varnames
 *(.debug_varnames)
OUTPUT(Gaming_Hub.elf elf32-littlearm)

.debug_ranges   0x00000000      0xac0
 .debug_ranges  0x00000000       0x18 ./system/src/newlib/_exit.o
 .debug_ranges  0x00000018       0x10 ./system/src/newlib/_sbrk.o
 .debug_ranges  0x00000028       0x90 ./system/src/newlib/_startup.o
 .debug_ranges  0x000000b8       0x20 ./system/src/newlib/_syscalls.o
 .debug_ranges  0x000000d8       0x28 ./system/src/diag/Trace.o
 .debug_ranges  0x00000100       0x50 ./system/src/diag/trace_impl.o
 .debug_ranges  0x00000150       0x18 ./system/src/cortexm/_initialize_hardware.o
 .debug_ranges  0x00000168       0x80 ./system/src/cortexm/exception_handlers.o
 .debug_ranges  0x000001e8       0x18 ./system/src/cmsis/system_stm32f4xx.o
 .debug_ranges  0x00000200       0x10 ./system/src/cmsis/vectors_stm32f401xc.o
 .debug_ranges  0x00000210       0x38 ./src/AUDIO_program.o
 .debug_ranges  0x00000248       0x18 ./src/DAC_program.o
 .debug_ranges  0x00000260       0x68 ./src/EXTI_program.o
 .debug_ranges  0x000002c8       0x60 ./src/GPIO_program.o
 .debug_ranges  0x00000328       0x58 ./src/IR_program.o
 .debug_ranges  0x00000380       0x78 ./src/LED_MATRIX_program.o
 .debug_ranges  0x000003f8       0x78 ./src/NVIC_program.o
 .debug_ranges  0x00000470      0x140 ./src/RCC_program.o
 .debug_ranges  0x000005b0       0x90 ./src/SPI_program.o
 .debug_ranges  0x00000640       0xd8 ./src/ST7735S_program.o
 .debug_ranges  0x00000718       0x80 ./src/SysTick_program.o
 .debug_ranges  0x00000798      0x128 ./src/TIM_program.o
 .debug_ranges  0x000008c0      0x200 ./src/main.o

.debug_macro    0x00000000     0x49d1
 .debug_macro   0x00000000      0x1b4 ./system/src/newlib/_exit.o
 .debug_macro   0x000001b4      0x10e ./system/src/newlib/_exit.o
 .debug_macro   0x000002c2       0x8d ./system/src/newlib/_exit.o
 .debug_macro   0x0000034f       0x35 ./system/src/newlib/_exit.o
 .debug_macro   0x00000384      0x169 ./system/src/newlib/_sbrk.o
 .debug_macro   0x000004ed      0x174 ./system/src/newlib/_sbrk.o
 .debug_macro   0x00000661       0x10 ./system/src/newlib/_sbrk.o
 .debug_macro   0x00000671      0x23b ./system/src/newlib/_sbrk.o
 .debug_macro   0x000008ac      0x173 ./system/src/newlib/_startup.o
 .debug_macro   0x00000a1f      0xa72 ./system/src/newlib/_startup.o
 .debug_macro   0x00001491      0x217 ./system/src/newlib/_syscalls.o
 .debug_macro   0x000016a8       0x1c ./system/src/newlib/_syscalls.o
 .debug_macro   0x000016c4       0x10 ./system/src/newlib/_syscalls.o
 .debug_macro   0x000016d4       0x10 ./system/src/newlib/_syscalls.o
 .debug_macro   0x000016e4       0x10 ./system/src/newlib/_syscalls.o
 .debug_macro   0x000016f4       0x35 ./system/src/newlib/_syscalls.o
 .debug_macro   0x00001729      0x122 ./system/src/newlib/_syscalls.o
 .debug_macro   0x0000184b       0x88 ./system/src/newlib/_syscalls.o
 .debug_macro   0x000018d3       0x2b ./system/src/newlib/_syscalls.o
 .debug_macro   0x000018fe      0x118 ./system/src/newlib/_syscalls.o
 .debug_macro   0x00001a16      0x189 ./system/src/newlib/_syscalls.o
 .debug_macro   0x00001b9f       0x16 ./system/src/newlib/_syscalls.o
 .debug_macro   0x00001bb5      0x1fb ./system/src/diag/Trace.o
 .debug_macro   0x00001db0       0x4c ./system/src/diag/Trace.o
 .debug_macro   0x00001dfc       0x16 ./system/src/diag/Trace.o
 .debug_macro   0x00001e12      0x52a ./system/src/diag/trace_impl.o
 .debug_macro   0x0000233c       0x22 ./system/src/diag/trace_impl.o
 .debug_macro   0x0000235e      0x4ee ./system/src/cortexm/_initialize_hardware.o
 .debug_macro   0x0000284c      0x557 ./system/src/cortexm/exception_handlers.o
 .debug_macro   0x00002da3       0x3b ./system/src/cortexm/exception_handlers.o
 .debug_macro   0x00002dde      0x4ea ./system/src/cmsis/system_stm32f4xx.o
 .debug_macro   0x000032c8       0x34 ./system/src/cmsis/vectors_stm32f401xc.o
 .debug_macro   0x000032fc       0x75 ./src/AUDIO_program.o
 .debug_macro   0x00003371       0x16 ./src/AUDIO_program.o
 .debug_macro   0x00003387       0xee ./src/AUDIO_program.o
 .debug_macro   0x00003475      0x23f ./src/AUDIO_program.o
 .debug_macro   0x000036b4       0x64 ./src/AUDIO_program.o
 .debug_macro   0x00003718       0x10 ./src/AUDIO_program.o
 .debug_macro   0x00003728       0x68 ./src/DAC_program.o
 .debug_macro   0x00003790       0x22 ./src/DAC_program.o
 .debug_macro   0x000037b2       0x49 ./src/EXTI_program.o
 .debug_macro   0x000037fb       0x64 ./src/EXTI_program.o
 .debug_macro   0x0000385f       0x10 ./src/EXTI_program.o
 .debug_macro   0x0000386f       0x41 ./src/GPIO_program.o
 .debug_macro   0x000038b0       0x52 ./src/GPIO_program.o
 .debug_macro   0x00003902       0xe8 ./src/IR_program.o
 .debug_macro   0x000039ea       0x2e ./src/IR_program.o
 .debug_macro   0x00003a18       0x6f ./src/LED_MATRIX_program.o
 .debug_macro   0x00003a87       0x40 ./src/NVIC_program.o
 .debug_macro   0x00003ac7       0x82 ./src/NVIC_program.o
 .debug_macro   0x00003b49       0x1c ./src/NVIC_program.o
 .debug_macro   0x00003b65       0x55 ./src/RCC_program.o
 .debug_macro   0x00003bba      0x239 ./src/RCC_program.o
 .debug_macro   0x00003df3      0x215 ./src/RCC_program.o
 .debug_macro   0x00004008       0x40 ./src/RCC_program.o
 .debug_macro   0x00004048       0x63 ./src/SPI_program.o
 .debug_macro   0x000040ab       0x16 ./src/SPI_program.o
 .debug_macro   0x000040c1       0x22 ./src/SPI_program.o
 .debug_macro   0x000040e3       0xe2 ./src/SPI_program.o
 .debug_macro   0x000041c5       0x96 ./src/ST7735S_program.o
 .debug_macro   0x0000425b       0x52 ./src/ST7735S_program.o
 .debug_macro   0x000042ad       0xd0 ./src/ST7735S_program.o
 .debug_macro   0x0000437d       0x64 ./src/ST7735S_program.o
 .debug_macro   0x000043e1       0x16 ./src/ST7735S_program.o
 .debug_macro   0x000043f7       0x40 ./src/SysTick_program.o
 .debug_macro   0x00004437       0x3a ./src/SysTick_program.o
 .debug_macro   0x00004471       0x10 ./src/SysTick_program.o
 .debug_macro   0x00004481       0x60 ./src/TIM_program.o
 .debug_macro   0x000044e1      0x24a ./src/TIM_program.o
 .debug_macro   0x0000472b       0x70 ./src/TIM_program.o
 .debug_macro   0x0000479b      0x13c ./src/main.o
 .debug_macro   0x000048d7       0x1c ./src/main.o
 .debug_macro   0x000048f3       0x4c ./src/main.o
 .debug_macro   0x0000493f       0x5e ./src/main.o
 .debug_macro   0x0000499d       0x34 ./src/main.o
